// Jest Snapshot v1, https://goo.gl/fbAQLP

exports[`renders correctly 1`] = `
<div
  class="App"
>
  <header
    class="App-header"
  >
    <img
      alt="logo"
      class="App-logo"
      src="logo.svg"
    />
    <p>
      Here is the very beginning of our TODOs application.
    </p>
  </header>
</div>
`;
